[backblue.gif]
[fade.gif]
[index.html]
[demo.smartaddons.com/templates/html/market/ico/favicon.png]
[demo.smartaddons.com/templates/html/market/image/demo/flags/gb.png]
[demo.smartaddons.com/templates/html/market/image/demo/flags/lb.png]
[demo.smartaddons.com/templates/html/market/image/demo/logos/theme_logo.png]
[demo.smartaddons.com/templates/html/market/image/demo/shop/product/resize/2.jpg]
[demo.smartaddons.com/templates/html/market/image/demo/shop/product/resize/3.jpg]
[demo.smartaddons.com/templates/html/market/image/theme/icons/9.png]
[demo.smartaddons.com/templates/html/market/image/theme/icons/10.png]
[demo.smartaddons.com/templates/html/market/image/theme/icons/3.png]
[demo.smartaddons.com/templates/html/market/image/demo/cms/menu_bg2.jpg]
[demo.smartaddons.com/templates/html/market/image/theme/icons/2.png]
[demo.smartaddons.com/templates/html/market/image/theme/icons/11.png]
[demo.smartaddons.com/templates/html/market/image/theme/icons/4.png]
[demo.smartaddons.com/templates/html/market/image/theme/icons/5.png]
[demo.smartaddons.com/templates/html/market/image/theme/icons/7.png]
[demo.smartaddons.com/templates/html/market/image/theme/icons/6.png]
[demo.smartaddons.com/templates/html/market/image/theme/icons/8.png]
[demo.smartaddons.com/templates/html/market/image/theme/icons/12.png]
[demo.smartaddons.com/templates/html/market/image/theme/icons/13.png]
[demo.smartaddons.com/templates/html/market/image/demo/feature/home-1.jpg]
[demo.smartaddons.com/templates/html/market/image/demo/feature/home-2.jpg]
[demo.smartaddons.com/templates/html/market/image/demo/feature/home-3.jpg]
[demo.smartaddons.com/templates/html/market/image/demo/feature/home-4.jpg]
[demo.smartaddons.com/templates/html/market/image/demo/feature/home-5.jpg]
[demo.smartaddons.com/templates/html/market/image/demo/feature/home-6.jpg]
[demo.smartaddons.com/templates/html/market/image/demo/feature/home-7.jpg]
[demo.smartaddons.com/templates/html/market/image/demo/feature/home-8.jpg]
[demo.smartaddons.com/templates/html/market/image/demo/feature/home-rtl.jpg]
[demo.smartaddons.com/templates/html/market/image/demo/feature/comming-soon.png]
[demo.smartaddons.com/templates/html/market/image/theme/icons/hot-icon.png]
[demo.smartaddons.com/templates/html/market/image/demo/cms/img1.jpg]
[demo.smartaddons.com/templates/html/market/image/demo/cms/img2.jpg]
[demo.smartaddons.com/templates/html/market/image/demo/cms/img3.jpg]
[demo.smartaddons.com/templates/html/market/image/demo/cms/img4.jpg]
[demo.smartaddons.com/templates/html/market/image/demo/shop/product/35.jpg]
[demo.smartaddons.com/templates/html/market/image/demo/shop/product/W1.jpg]
[demo.smartaddons.com/templates/html/market/image/demo/shop/product/141.jpg]
[demo.smartaddons.com/templates/html/market/image/demo/slider/slider-1.png]
[demo.smartaddons.com/templates/html/market/image/demo/slider/slider-2.png]
[demo.smartaddons.com/templates/html/market/image/demo/slider/slider-3.png]
[demo.smartaddons.com/templates/html/market/image/demo/cms/banner1.jpg]
[demo.smartaddons.com/templates/html/market/image/demo/cms/banner2.jpg]
[demo.smartaddons.com/templates/html/market/image/demo/cms/banner3.jpg]
[demo.smartaddons.com/templates/html/market/image/demo/shop/resize/J9-270x270.jpg]
[demo.smartaddons.com/templates/html/market/image/demo/shop/resize/J5-270x270.jpg]
[demo.smartaddons.com/templates/html/market/image/demo/shop/resize/m1-270x270.jpg]
[demo.smartaddons.com/templates/html/market/image/demo/shop/resize/m3-270x270.jpg]
[demo.smartaddons.com/templates/html/market/image/demo/shop/resize/B10-270x270.jpg]
[demo.smartaddons.com/templates/html/market/image/demo/shop/resize/B9-270x270.jpg]
[demo.smartaddons.com/templates/html/market/image/demo/shop/resize/w1-270x270.jpg]
[demo.smartaddons.com/templates/html/market/image/demo/shop/resize/w10-270x270.jpg]
[demo.smartaddons.com/templates/html/market/image/demo/shop/resize/B5-270x270.jpg]
[demo.smartaddons.com/templates/html/market/image/demo/shop/resize/e11-270x270.jpg]
[demo.smartaddons.com/templates/html/market/image/demo/shop/resize/E3-270x270.jpg]
[demo.smartaddons.com/templates/html/market/image/demo/cms/banner2-1.png]
[demo.smartaddons.com/templates/html/market/image/demo/cms/banner2-2.png]
[demo.smartaddons.com/templates/html/market/image/demo/cms/banner2-3.png]
[demo.smartaddons.com/templates/html/market/image/demo/cms/banner2-4.png]
[demo.smartaddons.com/templates/html/market/image/demo/shop/category/automotive-motocrycle.jpg]
[demo.smartaddons.com/templates/html/market/image/demo/shop/category/health-beauty.jpg]
[demo.smartaddons.com/templates/html/market/image/demo/shop/category/bags-holiday-supplies-gifts.jpg]
[demo.smartaddons.com/templates/html/market/image/demo/shop/category/toys-hobbies.jpg]
[demo.smartaddons.com/templates/html/market/image/demo/shop/category/electronics.jpg]
[demo.smartaddons.com/templates/html/market/image/demo/shop/category/jewelry-watches.jpg]
[demo.smartaddons.com/templates/html/market/image/demo/shop/category/sports-outdoors.jpg]
[demo.smartaddons.com/templates/html/market/image/demo/shop/category/smartphone-tablets.jpg]
[demo.smartaddons.com/templates/html/market/image/demo/cms/newletter-bg.jpg]
[demo.smartaddons.com/templates/html/market/image/demo/content/payment.png]
[demo.smartaddons.com/templates/html/market/image/theme/lazy-loader.gif]
[demo.smartaddons.com/templates/html/market/image/theme/patterns/28.png]
[demo.smartaddons.com/templates/html/market/image/theme/patterns/29.png]
[demo.smartaddons.com/templates/html/market/image/theme/patterns/30.png]
[demo.smartaddons.com/templates/html/market/image/theme/patterns/31.png]
[demo.smartaddons.com/templates/html/market/image/theme/patterns/32.png]
[demo.smartaddons.com/templates/html/market/image/theme/patterns/33.png]
[demo.smartaddons.com/templates/html/market/image/theme/patterns/34.png]
[demo.smartaddons.com/templates/html/market/image/theme/patterns/35.png]
[demo.smartaddons.com/templates/html/market/image/theme/patterns/36.png]
[demo.smartaddons.com/templates/html/market/image/theme/patterns/37.png]
[demo.smartaddons.com/templates/html/market/image/theme/patterns/38.png]
[demo.smartaddons.com/templates/html/market/image/theme/patterns/39.png]
[demo.smartaddons.com/templates/html/market/image/theme/patterns/40.png]
[demo.smartaddons.com/templates/html/market/image/theme/patterns/41.png]
[demo.smartaddons.com/templates/html/market/image/theme/patterns/42.png]
[demo.smartaddons.com/templates/html/market/image/theme/patterns/43.png]
[demo.smartaddons.com/templates/html/market/image/theme/patterns/44.png]
[demo.smartaddons.com/templates/html/market/image/theme/patterns/45.png]
[demo.smartaddons.com/templates/html/market/js/jquery-2.2.4.min.js]
[demo.smartaddons.com/templates/html/market/js/bootstrap.min.js]
[demo.smartaddons.com/templates/html/market/js/owl-carousel/owl.carousel.js]
[demo.smartaddons.com/templates/html/market/js/themejs/libs.js]
[demo.smartaddons.com/templates/html/market/js/unveil/jquery.unveil.js]
[demo.smartaddons.com/templates/html/market/js/countdown/jquery.countdown.min.js]
[demo.smartaddons.com/templates/html/market/js/dcjqaccordion/jquery.dcjqaccordion.2.8.min.js]
[demo.smartaddons.com/templates/html/market/js/datetimepicker/moment.js]
[demo.smartaddons.com/templates/html/market/js/datetimepicker/bootstrap-datetimepicker.min.js]
[demo.smartaddons.com/templates/html/market/js/jquery-ui/jquery-ui.min.js]
[demo.smartaddons.com/templates/html/market/js/modernizr/modernizr-2.6.2.min.js]
[demo.smartaddons.com/templates/html/market/js/minicolors/jquery.miniColors.min.js]
[demo.smartaddons.com/templates/html/market/js/themejs/application.js]
[demo.smartaddons.com/templates/html/market/js/themejs/homepage.js]
[demo.smartaddons.com/templates/html/market/js/themejs/toppanel.js]
[demo.smartaddons.com/templates/html/market/js/themejs/so_megamenu.js]
[demo.smartaddons.com/templates/html/market/js/themejs/addtocart.js]
[demo.smartaddons.com/templates/html/market/js/themejs/cpanel.js]
[demo.smartaddons.com/templates/html/market/index.html]
[demo.smartaddons.com/templates/html/market/css/bootstrap/fonts/glyphicons-halflings-regular.eot]
[demo.smartaddons.com/templates/html/market/css/bootstrap/fonts/glyphicons-halflings-regulard41d.eot]
[demo.smartaddons.com/templates/html/market/css/bootstrap/fonts/glyphicons-halflings-regular.woff]
[demo.smartaddons.com/templates/html/market/css/bootstrap/fonts/glyphicons-halflings-regular.ttf]
[demo.smartaddons.com/templates/html/market/css/bootstrap/css/bootstrap.min.css]
[demo.smartaddons.com/templates/html/market/css/font-awesome/fonts/fontawesome-webfont93e3.eot]
[demo.smartaddons.com/templates/html/market/css/font-awesome/fonts/fontawesome-webfontd41d.eot]
[demo.smartaddons.com/templates/html/market/css/font-awesome/fonts/fontawesome-webfont93e3.woff]
[demo.smartaddons.com/templates/html/market/css/font-awesome/fonts/fontawesome-webfont93e3.ttf]
[demo.smartaddons.com/templates/html/market/css/font-awesome/css/font-awesome.min.css]
[demo.smartaddons.com/templates/html/market/js/datetimepicker/bootstrap-datetimepicker.min.css]
[demo.smartaddons.com/templates/html/market/js/owl-carousel/owl.carousel.css]
[demo.smartaddons.com/templates/html/market/css/themecss/lib.css]
[demo.smartaddons.com/templates/html/market/js/jquery-ui/jquery-ui.min.css]
[demo.smartaddons.com/templates/html/market/js/minicolors/jquery.minicolors.png]
[demo.smartaddons.com/templates/html/market/js/minicolors/miniColors.css]
[demo.smartaddons.com/templates/html/market/css/themecss/so_megamenu.css]
[demo.smartaddons.com/templates/html/market/css/themecss/so-categories.css]
[demo.smartaddons.com/templates/html/market/css/themecss/so-listing-tabs.css]
[demo.smartaddons.com/templates/html/market/css/themecss/so-newletter-popup.css]
[demo.smartaddons.com/templates/html/market/css/themecss/just_purchased_notification.css]
[demo.smartaddons.com/templates/html/market/css/footer1.css]
[demo.smartaddons.com/templates/html/market/image/theme/icons/ico-quicklink.png]
[demo.smartaddons.com/templates/html/market/css/header1.css]
[demo.smartaddons.com/templates/html/market/image/theme/patterns/1.png]
[demo.smartaddons.com/templates/html/market/image/theme/patterns/2.png]
[demo.smartaddons.com/templates/html/market/image/theme/patterns/3.png]
[demo.smartaddons.com/templates/html/market/image/theme/patterns/4.png]
[demo.smartaddons.com/templates/html/market/image/theme/patterns/5.png]
[demo.smartaddons.com/templates/html/market/image/theme/patterns/6.png]
[demo.smartaddons.com/templates/html/market/image/theme/patterns/7.png]
[demo.smartaddons.com/templates/html/market/image/theme/patterns/8.png]
[demo.smartaddons.com/templates/html/market/image/theme/patterns/9.png]
[demo.smartaddons.com/templates/html/market/image/theme/patterns/10.png]
[demo.smartaddons.com/templates/html/market/image/theme/patterns/11.png]
[demo.smartaddons.com/templates/html/market/image/theme/patterns/12.png]
[demo.smartaddons.com/templates/html/market/image/theme/patterns/13.png]
[demo.smartaddons.com/templates/html/market/image/theme/patterns/14.png]
[demo.smartaddons.com/templates/html/market/image/theme/patterns/15.png]
[demo.smartaddons.com/templates/html/market/image/theme/patterns/16.png]
[demo.smartaddons.com/templates/html/market/image/theme/patterns/17.png]
[demo.smartaddons.com/templates/html/market/image/theme/patterns/18.png]
[demo.smartaddons.com/templates/html/market/image/theme/patterns/19.png]
[demo.smartaddons.com/templates/html/market/image/theme/patterns/20.png]
[demo.smartaddons.com/templates/html/market/image/theme/patterns/21.png]
[demo.smartaddons.com/templates/html/market/image/theme/patterns/22.png]
[demo.smartaddons.com/templates/html/market/image/theme/patterns/23.png]
[demo.smartaddons.com/templates/html/market/image/theme/patterns/24.png]
[demo.smartaddons.com/templates/html/market/image/theme/patterns/25.png]
[demo.smartaddons.com/templates/html/market/image/theme/patterns/26.png]
[demo.smartaddons.com/templates/html/market/image/theme/patterns/27.png]
[demo.smartaddons.com/templates/html/market/image/theme/icons/ico-menu-parent.png]
[demo.smartaddons.com/templates/html/market/image/theme/icons/icon_minicart.png]
[demo.smartaddons.com/templates/html/market/image/theme/icons/arrow-slider-left.png]
[demo.smartaddons.com/templates/html/market/image/theme/icons/arrow-slider-right.png]
[demo.smartaddons.com/templates/html/market/image/theme/icons/ico-slider.png]
[demo.smartaddons.com/templates/html/market/image/theme/icons/bg-selectbox.png]
[demo.smartaddons.com/templates/html/market/image/theme/icons/next-prev-detail.png]
[demo.smartaddons.com/templates/html/market/image/theme/icons/policy_1.png]
[demo.smartaddons.com/templates/html/market/image/theme/icons/ico-freeship.png]
[demo.smartaddons.com/templates/html/market/image/theme/icons/ico-celander.png]
[demo.smartaddons.com/templates/html/market/image/theme/icons/ico-umbrella.png]
[demo.smartaddons.com/templates/html/market/image/theme/icons/collections-1-1.png]
[demo.smartaddons.com/templates/html/market/image/theme/icons/collections-2-1.png]
[demo.smartaddons.com/templates/html/market/image/theme/icons/collections-3-1.png]
[demo.smartaddons.com/templates/html/market/image/theme/icons/collections-4-1.png]
[demo.smartaddons.com/templates/html/market/image/theme/icons/collections-5-1.png]
[demo.smartaddons.com/templates/html/market/image/theme/icons/collections-6-1.png]
[demo.smartaddons.com/templates/html/market/css/theme.css]
[demo.smartaddons.com/templates/html/market/css/responsive.css]
[demo.smartaddons.com/templates/html/market/ico/apple-touch-icon-144-precomposed.png]
[demo.smartaddons.com/templates/html/market/ico/apple-touch-icon-114-precomposed.png]
[demo.smartaddons.com/templates/html/market/ico/apple-touch-icon-72-precomposed.png]
[demo.smartaddons.com/templates/html/market/ico/apple-touch-icon-57-precomposed.png]
[demo.smartaddons.com/templates/html/market/register.html]
[demo.smartaddons.com/templates/html/market/login.html]
[demo.smartaddons.com/templates/html/market/image/demo/shop/product/18.jpg]
[demo.smartaddons.com/templates/html/market/image/demo/shop/product/E1.jpg]
[demo.smartaddons.com/templates/html/market/wishlist.html]
[demo.smartaddons.com/templates/html/market/image/demo/shop/product/E4.jpg]
[demo.smartaddons.com/templates/html/market/checkout.html]
[demo.smartaddons.com/templates/html/market/image/demo/shop/product/E3.jpg]
[demo.smartaddons.com/templates/html/market/cart.html]
[demo.smartaddons.com/templates/html/market/image/demo/shop/product/J9.jpg]
[demo.smartaddons.com/templates/html/market/image/demo/shop/product/J6.jpg]
[demo.smartaddons.com/templates/html/market/image/demo/shop/product/J5.jpg]
[demo.smartaddons.com/templates/html/market/image/demo/shop/product/J4.jpg]
[demo.smartaddons.com/templates/html/market/image/demo/colors/blue.jpg]
[demo.smartaddons.com/templates/html/market/image/demo/colors/brown.jpg]
[demo.smartaddons.com/templates/html/market/image/demo/colors/green.jpg]
[demo.smartaddons.com/templates/html/market/image/demo/shop/product/e11.jpg]
[demo.smartaddons.com/templates/html/market/image/demo/shop/product/e12.jpg]
[demo.smartaddons.com/templates/html/market/image/demo/shop/product/11.jpg]
[demo.smartaddons.com/templates/html/market/image/demo/shop/product/10.jpg]
[demo.smartaddons.com/templates/html/market/image/demo/shop/product/34.jpg]
[demo.smartaddons.com/templates/html/market/image/demo/shop/product/14.jpg]
[demo.smartaddons.com/templates/html/market/image/demo/shop/product/15.jpg]
[demo.smartaddons.com/templates/html/market/product.html]
[demo.smartaddons.com/templates/html/market/18_46.html]
[demo.smartaddons.com/templates/html/market/24_64.html]
[demo.smartaddons.com/templates/html/market/18_45.html]
[demo.smartaddons.com/templates/html/market/18_30.html]
[demo.smartaddons.com/templates/html/market/81.html]
[demo.smartaddons.com/templates/html/market/33_63.html]
[demo.smartaddons.com/templates/html/market/17.html]
[demo.smartaddons.com/templates/html/market/25_28.html]
[demo.smartaddons.com/templates/html/market/80.html]
[demo.smartaddons.com/templates/html/market/24_66.html]
[demo.smartaddons.com/templates/html/market/25_31.html]
[demo.smartaddons.com/templates/html/market/57_73.html]
[demo.smartaddons.com/templates/html/market/18.html]
[demo.smartaddons.com/templates/html/market/20_76.html]
[demo.smartaddons.com/templates/html/market/33_60.html]
[demo.smartaddons.com/templates/html/market/24.html]
[demo.smartaddons.com/templates/html/market/image/demo/slider/v2-slide1.jpg]
[demo.smartaddons.com/templates/html/market/image/demo/slider/v2-slide2.jpg]
[demo.smartaddons.com/templates/html/market/image/demo/slider/v2-slide3.jpg]
[demo.smartaddons.com/templates/html/market/image/demo/cms/v2-banner2.jpg]
[demo.smartaddons.com/templates/html/market/image/demo/cms/v2-banner3.jpg]
[demo.smartaddons.com/templates/html/market/image/demo/cms/v2-banner4.jpg]
[demo.smartaddons.com/templates/html/market/image/demo/cms/v2-banner1.jpg]
[demo.smartaddons.com/templates/html/market/image/demo/cms/v2-banner-home.jpg]
[demo.smartaddons.com/templates/html/market/image/demo/shop/product/m1.jpg]
[demo.smartaddons.com/templates/html/market/image/demo/shop/product/m2.jpg]
[demo.smartaddons.com/templates/html/market/image/demo/shop/product/9.jpg]
[demo.smartaddons.com/templates/html/market/image/demo/cms/client-img1.jpg]
[demo.smartaddons.com/templates/html/market/image/demo/cms/v2-banner-right.jpg]
[demo.smartaddons.com/templates/html/market/image/demo/cms/v3-banner-home-left.jpg]
[demo.smartaddons.com/templates/html/market/home2.html]
[demo.smartaddons.com/templates/html/market/image/demo/cms/v3-banner-header.png]
[demo.smartaddons.com/templates/html/market/home3.html]
[demo.smartaddons.com/templates/html/market/image/demo/shop/product/B10.jpg]
[demo.smartaddons.com/templates/html/market/home4.html]
[demo.smartaddons.com/templates/html/market/image/demo/shop/product/B9.jpg]
[demo.smartaddons.com/templates/html/market/image/demo/logos/logo_5.png]
[demo.smartaddons.com/templates/html/market/image/demo/slider/home5/slider-1.jpg]
[demo.smartaddons.com/templates/html/market/image/demo/slider/home5/slider-2.jpg]
[demo.smartaddons.com/templates/html/market/image/demo/slider/home5/slider-3.jpg]
[demo.smartaddons.com/templates/html/market/image/demo/cms/home5/banner1.jpg]
[demo.smartaddons.com/templates/html/market/image/demo/cms/home5/banner2.jpg]
[demo.smartaddons.com/templates/html/market/image/demo/brand/home5/logo-1.png]
[demo.smartaddons.com/templates/html/market/image/demo/brand/home5/logo-2.png]
[demo.smartaddons.com/templates/html/market/image/demo/cms/home5/banner3.jpg]
[demo.smartaddons.com/templates/html/market/image/demo/cms/home5/banner4.jpg]
[demo.smartaddons.com/templates/html/market/image/demo/cms/home5/banner5.jpg]
[demo.smartaddons.com/templates/html/market/image/demo/shop/product/home5/10.jpg]
[demo.smartaddons.com/templates/html/market/image/demo/shop/product/home5/4.jpg]
[demo.smartaddons.com/templates/html/market/image/demo/shop/product/home5/2.jpg]
[demo.smartaddons.com/templates/html/market/image/demo/shop/product/home5/3.jpg]
[demo.smartaddons.com/templates/html/market/image/demo/shop/product/home5/8.jpg]
[demo.smartaddons.com/templates/html/market/image/demo/shop/product/home5/5.jpg]
[demo.smartaddons.com/templates/html/market/image/demo/shop/product/home5/6.jpg]
[demo.smartaddons.com/templates/html/market/image/demo/cms/home5/banner6.jpg]
[demo.smartaddons.com/templates/html/market/image/demo/cms/home5/banner7.jpg]
[demo.smartaddons.com/templates/html/market/image/demo/cms/home5/banner8.jpg]
[demo.smartaddons.com/templates/html/market/home5.html]
[demo.smartaddons.com/templates/html/market/image/demo/shop/product/home5/7.jpg]
[demo.smartaddons.com/templates/html/market/image/demo/logos/logo.png]
[demo.smartaddons.com/templates/html/market/image/demo/slider/home6/slider-1.jpg]
[demo.smartaddons.com/templates/html/market/image/demo/slider/home6/slider-2.jpg]
[demo.smartaddons.com/templates/html/market/image/demo/slider/home6/slider-3.jpg]
[demo.smartaddons.com/templates/html/market/image/demo/cms/home6/image-1-index9.jpg]
[demo.smartaddons.com/templates/html/market/image/demo/cms/home6/image-2-index9.jpg]
[demo.smartaddons.com/templates/html/market/image/demo/shop/product/home7/1_3_18.jpg]
[demo.smartaddons.com/templates/html/market/image/demo/shop/product/resize/1.jpg]
[demo.smartaddons.com/templates/html/market/image/demo/shop/product/home7/2_2_25.jpg]
[demo.smartaddons.com/templates/html/market/image/demo/shop/product/home7/3_2_26.jpg]
[demo.smartaddons.com/templates/html/market/image/demo/shop/product/home7/4_3_25.jpg]
[demo.smartaddons.com/templates/html/market/image/demo/shop/product/resize/4.jpg]
[demo.smartaddons.com/templates/html/market/image/demo/shop/product/w10.jpg]
[demo.smartaddons.com/templates/html/market/image/demo/shop/product/B5.jpg]
[demo.smartaddons.com/templates/html/market/image/demo/brand/home6/brand-1.jpg]
[demo.smartaddons.com/templates/html/market/image/demo/brand/home6/brand-2.jpg]
[demo.smartaddons.com/templates/html/market/image/demo/clientsay/client-s2.jpg]
[demo.smartaddons.com/templates/html/market/image/demo/clientsay/client-s1.jpg]
[demo.smartaddons.com/templates/html/market/image/demo/clientsay/client-s3.jpg]
[demo.smartaddons.com/templates/html/market/image/demo/cms/home6/image-4-index9.jpg]
[demo.smartaddons.com/templates/html/market/image/demo/shop/product/resize/1_3_30.jpg]
[demo.smartaddons.com/templates/html/market/image/demo/shop/product/resize/4_3_29.jpg]
[demo.smartaddons.com/templates/html/market/image/demo/shop/product/resize/4_3_52.jpg]
[demo.smartaddons.com/templates/html/market/image/demo/shop/product/resize/6_2_3.jpg]
[demo.smartaddons.com/templates/html/market/image/demo/shop/product/resize/7_2.jpg]
[demo.smartaddons.com/templates/html/market/image/demo/shop/product/resize/7_3.jpg]
[demo.smartaddons.com/templates/html/market/home6.html]
[demo.smartaddons.com/templates/html/market/image/demo/slider/home7/slider-1.jpg]
[demo.smartaddons.com/templates/html/market/image/demo/slider/home7/slider-2.jpg]
[demo.smartaddons.com/templates/html/market/image/demo/slider/home7/slider-3.jpg]
[demo.smartaddons.com/templates/html/market/image/demo/cms/home7/image1-id11.jpg]
[demo.smartaddons.com/templates/html/market/image/demo/cms/home7/image2-id11.jpg]
[demo.smartaddons.com/templates/html/market/image/demo/shop/product/m3.jpg]
[demo.smartaddons.com/templates/html/market/image/demo/cms/home7/image3-id11.jpg]
[demo.smartaddons.com/templates/html/market/image/demo/brand/home6/brand-3.jpg]
[demo.smartaddons.com/templates/html/market/image/demo/brand/home6/brand-4.jpg]
[demo.smartaddons.com/templates/html/market/image/demo/brand/home6/brand-5.jpg]
[demo.smartaddons.com/templates/html/market/image/demo/brand/home6/brand-6.jpg]
[demo.smartaddons.com/templates/html/market/home7.html]
[demo.smartaddons.com/templates/html/market/image/demo/logos/logo_8.png]
[demo.smartaddons.com/templates/html/market/image/demo/slider/home8/slide1-id12.jpg]
[demo.smartaddons.com/templates/html/market/image/demo/slider/home8/slide2-id12.jpg]
[demo.smartaddons.com/templates/html/market/image/demo/slider/home8/slide3-id12.jpg]
[demo.smartaddons.com/templates/html/market/image/demo/cms/home8/cat1-id12.jpg]
[demo.smartaddons.com/templates/html/market/image/demo/cms/home8/cat2-id12.jpg]
[demo.smartaddons.com/templates/html/market/image/demo/cms/home8/cat3-id12.jpg]
[demo.smartaddons.com/templates/html/market/image/demo/shop/product/home8/1_2_12.jpg]
[demo.smartaddons.com/templates/html/market/image/demo/shop/product/home8/8_3.jpg]
[demo.smartaddons.com/templates/html/market/image/demo/shop/product/home8/2_4_14.jpg]
[demo.smartaddons.com/templates/html/market/image/demo/shop/product/home8/3_3_15.jpg]
[demo.smartaddons.com/templates/html/market/image/demo/shop/product/home8/4_3_52.jpg]
[demo.smartaddons.com/templates/html/market/image/demo/shop/product/home8/5_2_9.jpg]
[demo.smartaddons.com/templates/html/market/image/demo/cms/home8/image2-id12.png]
[demo.smartaddons.com/templates/html/market/image/demo/cms/home8/image3-id12.jpg]
[demo.smartaddons.com/templates/html/market/image/demo/cms/home8/image4-id12.jpg]
[demo.smartaddons.com/templates/html/market/image/demo/cms/home8/image5-id12.jpg]
[demo.smartaddons.com/templates/html/market/image/demo/shop/product/home8/10_7.jpg]
[demo.smartaddons.com/templates/html/market/image/demo/shop/product/home8/7_7.jpg]
[demo.smartaddons.com/templates/html/market/image/demo/blog/blo1.jpg]
[demo.smartaddons.com/templates/html/market/image/demo/blog/blo2.jpg]
[demo.smartaddons.com/templates/html/market/image/demo/blog/blo3.jpg]
[demo.smartaddons.com/templates/html/market/image/demo/blog/blo4.jpg]
[demo.smartaddons.com/templates/html/market/image/demo/blog/blo5.jpg]
[demo.smartaddons.com/templates/html/market/image/demo/brand/home5/logo-3.png]
[demo.smartaddons.com/templates/html/market/home8.html]
[demo.smartaddons.com/templates/html/market/html_width_RTL/ico/favicon.png]
[demo.smartaddons.com/templates/html/market/html_width_RTL/image/demo/logos/theme_logo.png]
[demo.smartaddons.com/templates/html/market/html_width_RTL/image/demo/flags/gb.png]
[demo.smartaddons.com/templates/html/market/html_width_RTL/image/demo/flags/lb.png]
[demo.smartaddons.com/templates/html/market/html_width_RTL/image/demo/shop/product/resize/2.jpg]
[demo.smartaddons.com/templates/html/market/html_width_RTL/image/demo/shop/product/resize/3.jpg]
[demo.smartaddons.com/templates/html/market/html_width_RTL/image/theme/icons/9.png]
[demo.smartaddons.com/templates/html/market/html_width_RTL/image/theme/icons/10.png]
[demo.smartaddons.com/templates/html/market/html_width_RTL/image/theme/icons/3.png]
[demo.smartaddons.com/templates/html/market/html_width_RTL/image/demo/cms/menu_bg2.jpg]
[demo.smartaddons.com/templates/html/market/html_width_RTL/image/theme/icons/2.png]
[demo.smartaddons.com/templates/html/market/html_width_RTL/image/theme/icons/11.png]
[demo.smartaddons.com/templates/html/market/html_width_RTL/image/theme/icons/4.png]
[demo.smartaddons.com/templates/html/market/html_width_RTL/image/theme/icons/5.png]
[demo.smartaddons.com/templates/html/market/html_width_RTL/image/theme/icons/7.png]
[demo.smartaddons.com/templates/html/market/html_width_RTL/image/theme/icons/6.png]
[demo.smartaddons.com/templates/html/market/html_width_RTL/image/theme/icons/8.png]
[demo.smartaddons.com/templates/html/market/html_width_RTL/image/theme/icons/12.png]
[demo.smartaddons.com/templates/html/market/html_width_RTL/image/theme/icons/13.png]
[demo.smartaddons.com/templates/html/market/html_width_RTL/image/demo/feature/home-1.jpg]
[demo.smartaddons.com/templates/html/market/html_width_RTL/image/demo/feature/home-2.jpg]
[demo.smartaddons.com/templates/html/market/html_width_RTL/image/demo/feature/home-3.jpg]
[demo.smartaddons.com/templates/html/market/html_width_RTL/image/demo/feature/home-4.jpg]
[demo.smartaddons.com/templates/html/market/html_width_RTL/image/demo/feature/home-5.jpg]
[demo.smartaddons.com/templates/html/market/html_width_RTL/image/demo/feature/home-6.jpg]
[demo.smartaddons.com/templates/html/market/html_width_RTL/image/demo/feature/home-7.jpg]
[demo.smartaddons.com/templates/html/market/html_width_RTL/image/demo/feature/home-8.jpg]
[demo.smartaddons.com/templates/html/market/html_width_RTL/image/demo/feature/home-rtl.jpg]
[demo.smartaddons.com/templates/html/market/html_width_RTL/image/demo/feature/comming-soon.png]
[demo.smartaddons.com/templates/html/market/html_width_RTL/image/theme/icons/hot-icon.png]
[demo.smartaddons.com/templates/html/market/html_width_RTL/image/demo/cms/img1.jpg]
[demo.smartaddons.com/templates/html/market/html_width_RTL/image/demo/cms/img2.jpg]
[demo.smartaddons.com/templates/html/market/html_width_RTL/image/demo/cms/img3.jpg]
[demo.smartaddons.com/templates/html/market/html_width_RTL/image/demo/cms/img4.jpg]
[demo.smartaddons.com/templates/html/market/html_width_RTL/image/demo/shop/product/35.jpg]
[demo.smartaddons.com/templates/html/market/html_width_RTL/image/demo/shop/product/W1.jpg]
[demo.smartaddons.com/templates/html/market/html_width_RTL/image/demo/shop/product/141.jpg]
[demo.smartaddons.com/templates/html/market/html_width_RTL/image/demo/slider/slider-1.png]
[demo.smartaddons.com/templates/html/market/html_width_RTL/image/demo/slider/slider-2.png]
[demo.smartaddons.com/templates/html/market/html_width_RTL/image/demo/slider/slider-3.png]
[demo.smartaddons.com/templates/html/market/html_width_RTL/image/demo/cms/banner1.jpg]
[demo.smartaddons.com/templates/html/market/html_width_RTL/image/demo/cms/banner2.jpg]
[demo.smartaddons.com/templates/html/market/html_width_RTL/image/demo/cms/banner3.jpg]
[demo.smartaddons.com/templates/html/market/html_width_RTL/image/demo/shop/resize/J9-270x270.jpg]
[demo.smartaddons.com/templates/html/market/html_width_RTL/image/demo/shop/resize/J5-270x270.jpg]
[demo.smartaddons.com/templates/html/market/html_width_RTL/image/demo/shop/resize/m1-270x270.jpg]
[demo.smartaddons.com/templates/html/market/html_width_RTL/image/demo/shop/resize/m3-270x270.jpg]
[demo.smartaddons.com/templates/html/market/html_width_RTL/image/demo/shop/resize/B10-270x270.jpg]
[demo.smartaddons.com/templates/html/market/html_width_RTL/image/demo/shop/resize/B9-270x270.jpg]
[demo.smartaddons.com/templates/html/market/html_width_RTL/image/demo/shop/resize/B5-270x270.jpg]
[demo.smartaddons.com/templates/html/market/html_width_RTL/image/demo/shop/resize/E3-270x270.jpg]
[demo.smartaddons.com/templates/html/market/html_width_RTL/image/demo/cms/banner2-1.png]
[demo.smartaddons.com/templates/html/market/html_width_RTL/image/demo/cms/banner2-2.png]
[demo.smartaddons.com/templates/html/market/html_width_RTL/image/demo/cms/banner2-3.png]
[demo.smartaddons.com/templates/html/market/html_width_RTL/image/demo/cms/banner2-4.png]
[demo.smartaddons.com/templates/html/market/html_width_RTL/image/demo/shop/category/automotive-motocrycle.jpg]
[demo.smartaddons.com/templates/html/market/html_width_RTL/image/demo/shop/category/health-beauty.jpg]
[demo.smartaddons.com/templates/html/market/html_width_RTL/image/demo/shop/category/bags-holiday-supplies-gifts.jpg]
[demo.smartaddons.com/templates/html/market/html_width_RTL/image/demo/shop/category/toys-hobbies.jpg]
[demo.smartaddons.com/templates/html/market/html_width_RTL/image/demo/shop/category/electronics.jpg]
[demo.smartaddons.com/templates/html/market/html_width_RTL/image/demo/shop/category/jewelry-watches.jpg]
[demo.smartaddons.com/templates/html/market/html_width_RTL/image/demo/shop/category/sports-outdoors.jpg]
[demo.smartaddons.com/templates/html/market/html_width_RTL/image/demo/shop/category/smartphone-tablets.jpg]
[demo.smartaddons.com/templates/html/market/html_width_RTL/image/demo/cms/newletter-bg.jpg]
[demo.smartaddons.com/templates/html/market/html_width_RTL/image/demo/content/payment.png]
[demo.smartaddons.com/templates/html/market/html_width_RTL/image/theme/lazy-loader.gif]
[demo.smartaddons.com/templates/html/market/html_width_RTL/image/theme/patterns/28.png]
[demo.smartaddons.com/templates/html/market/html_width_RTL/image/theme/patterns/29.png]
[demo.smartaddons.com/templates/html/market/html_width_RTL/image/theme/patterns/30.png]
[demo.smartaddons.com/templates/html/market/html_width_RTL/image/theme/patterns/31.png]
[demo.smartaddons.com/templates/html/market/html_width_RTL/image/theme/patterns/32.png]
[demo.smartaddons.com/templates/html/market/html_width_RTL/image/theme/patterns/33.png]
[demo.smartaddons.com/templates/html/market/html_width_RTL/image/theme/patterns/34.png]
[demo.smartaddons.com/templates/html/market/html_width_RTL/image/theme/patterns/35.png]
[demo.smartaddons.com/templates/html/market/html_width_RTL/image/theme/patterns/36.png]
[demo.smartaddons.com/templates/html/market/html_width_RTL/image/theme/patterns/37.png]
[demo.smartaddons.com/templates/html/market/html_width_RTL/image/theme/patterns/38.png]
[demo.smartaddons.com/templates/html/market/html_width_RTL/image/theme/patterns/39.png]
[demo.smartaddons.com/templates/html/market/html_width_RTL/image/theme/patterns/40.png]
[demo.smartaddons.com/templates/html/market/html_width_RTL/image/theme/patterns/41.png]
[demo.smartaddons.com/templates/html/market/html_width_RTL/image/theme/patterns/42.png]
[demo.smartaddons.com/templates/html/market/html_width_RTL/image/theme/patterns/43.png]
[demo.smartaddons.com/templates/html/market/html_width_RTL/image/theme/patterns/44.png]
[demo.smartaddons.com/templates/html/market/html_width_RTL/image/theme/patterns/45.png]
[demo.smartaddons.com/templates/html/market/html_width_RTL/js/jquery-2.2.4.min.js]
[demo.smartaddons.com/templates/html/market/html_width_RTL/js/bootstrap.min.js]
[demo.smartaddons.com/templates/html/market/html_width_RTL/js/owl-carousel/owl.carousel.js]
[demo.smartaddons.com/templates/html/market/html_width_RTL/js/themejs/libs.js]
[demo.smartaddons.com/templates/html/market/html_width_RTL/js/unveil/jquery.unveil.js]
[demo.smartaddons.com/templates/html/market/html_width_RTL/js/countdown/jquery.countdown.min.js]
[demo.smartaddons.com/templates/html/market/html_width_RTL/js/dcjqaccordion/jquery.dcjqaccordion.2.8.min.js]
[demo.smartaddons.com/templates/html/market/html_width_RTL/js/datetimepicker/moment.js]
[demo.smartaddons.com/templates/html/market/html_width_RTL/js/datetimepicker/bootstrap-datetimepicker.min.js]
[demo.smartaddons.com/templates/html/market/html_width_RTL/js/jquery-ui/jquery-ui.min.js]
[demo.smartaddons.com/templates/html/market/html_width_RTL/js/modernizr/modernizr-2.6.2.min.js]
[demo.smartaddons.com/templates/html/market/html_width_RTL/js/themejs/application.js]
[demo.smartaddons.com/templates/html/market/html_width_RTL/js/themejs/homepage.js]
[demo.smartaddons.com/templates/html/market/html_width_RTL/js/themejs/toppanel.js]
[demo.smartaddons.com/templates/html/market/html_width_RTL/js/themejs/so_megamenu.js]
[demo.smartaddons.com/templates/html/market/html_width_RTL/js/themejs/addtocart.js]
[demo.smartaddons.com/templates/html/market/html_width_RTL/js/themejs/pathLoader.js]
[demo.smartaddons.com/templates/html/market/html_width_RTL/js/themejs/cpanel.js]
[demo.smartaddons.com/templates/html/market/html_width_RTL/index.html]
[demo.smartaddons.com/templates/html/market/image/demo/cms/left-image-static.png]
[demo.smartaddons.com/templates/html/market/image/demo/shop/category/electronic-cat.png]
[demo.smartaddons.com/templates/html/market/category.html]
[demo.smartaddons.com/templates/html/market/image/demo/shop/product/E2.jpg]
[demo.smartaddons.com/templates/html/market/image/demo/shop/product/19.jpg]
[demo.smartaddons.com/templates/html/market/category-v2.html]
[demo.smartaddons.com/templates/html/market/category-v3.html]
[demo.smartaddons.com/templates/html/market/js/lightslider/lightslider.js]
[demo.smartaddons.com/templates/html/market/product-v2.html]
[demo.smartaddons.com/templates/html/market/product-v3.html]
[demo.smartaddons.com/templates/html/market/image/demo/shop/product/E3_3.jpg]
[demo.smartaddons.com/templates/html/market/compare.html]
[demo.smartaddons.com/templates/html/market/my-account.html]
[demo.smartaddons.com/templates/html/market/image/demo/shop/product/B8.jpg]
[demo.smartaddons.com/templates/html/market/order-history.html]
[demo.smartaddons.com/templates/html/market/order-information.html]
[demo.smartaddons.com/templates/html/market/return.html]
[demo.smartaddons.com/templates/html/market/gift-voucher.html]
[demo.smartaddons.com/templates/html/market/faq.html]
[demo.smartaddons.com/templates/html/market/sitemap.html]
[demo.smartaddons.com/templates/html/market/contact.html]
[demo.smartaddons.com/templates/html/market/image/demo/cms/banner-01.png]
[demo.smartaddons.com/templates/html/market/banner-effect.html]
[demo.smartaddons.com/templates/html/market/image/demo/about/wellcometoshop.png]
[demo.smartaddons.com/templates/html/market/image/demo/about/ourmember01.png]
[demo.smartaddons.com/templates/html/market/image/demo/about/ourmember02.png]
[demo.smartaddons.com/templates/html/market/image/demo/about/ourmember03.png]
[demo.smartaddons.com/templates/html/market/image/demo/about/ourmember04.png]
[demo.smartaddons.com/templates/html/market/about-us.html]
[demo.smartaddons.com/templates/html/market/image/demo/about/about-1.jpg]
[demo.smartaddons.com/templates/html/market/image/demo/about/about-2.jpg]
[demo.smartaddons.com/templates/html/market/image/demo/about/about-3.jpg]
[demo.smartaddons.com/templates/html/market/image/demo/about/about-client-1.png]
[demo.smartaddons.com/templates/html/market/image/demo/about/about-client-2.png]
[demo.smartaddons.com/templates/html/market/image/demo/about/about-client-3.png]
[demo.smartaddons.com/templates/html/market/image/demo/about/about-client-4.png]
[demo.smartaddons.com/templates/html/market/image/demo/about/about-client-5.png]
[demo.smartaddons.com/templates/html/market/image/demo/about/about-client-6.png]
[demo.smartaddons.com/templates/html/market/about-us-2.html]
[demo.smartaddons.com/templates/html/market/image/demo/about/about-us-demo3.jpg]
[demo.smartaddons.com/templates/html/market/about-us-3.html]
[demo.smartaddons.com/templates/html/market/about-us-4.html]
[demo.smartaddons.com/templates/html/market/3.html]
[demo.smartaddons.com/templates/html/market/image/demo/about/about-us-demo4.jpg]
[demo.smartaddons.com/templates/html/market/image/demo/blog/blog4.jpg]
[demo.smartaddons.com/templates/html/market/image/demo/blog/blog5.jpg]
[demo.smartaddons.com/templates/html/market/image/demo/blog/blog6.jpg]
[demo.smartaddons.com/templates/html/market/blog-page.html]
[demo.smartaddons.com/templates/html/market/image/demo/blog/blog1.jpg]
[demo.smartaddons.com/templates/html/market/quickview.html]
[demo.smartaddons.com/templates/html/market/php/facebook8859.html]
[demo.smartaddons.com/templates/html/market/php/twitterfdaa.html]
[demo.smartaddons.com/templates/html/market/php/youtubevideo2de8.html]
[demo.smartaddons.com/templates/html/market/css/themecss/cpanel.css]
[demo.smartaddons.com/templates/html/market/css/bootstrap/fonts/glyphicons-halflings-regular.html]
[demo.smartaddons.com/templates/html/market/css/bootstrap/fonts/glyphicons-halflings-regular.svg]
[demo.smartaddons.com/templates/html/market/css/font-awesome/fonts/fontawesome-webfont93e3.html]
[demo.smartaddons.com/templates/html/market/css/font-awesome/fonts/fontawesome-webfont93e3.svg]
[demo.smartaddons.com/templates/html/market/js/owl-carousel/owl.video.play.html]
[demo.smartaddons.com/templates/html/market/css/images/arrow.html]
[demo.smartaddons.com/templates/html/market/css/images/bk.html]
[demo.smartaddons.com/templates/html/market/css/images/icon.html]
[demo.smartaddons.com/templates/html/market/css/images/plus.html]
[demo.smartaddons.com/templates/html/market/css/images/minus.html]
[demo.smartaddons.com/templates/html/market/js/bootstrap-notify.min.js]
[demo.smartaddons.com/templates/html/market/index-2.html]
[demo.smartaddons.com/templates/html/market/home2-2.html]
[demo.smartaddons.com/templates/html/market/home3-2.html]
[demo.smartaddons.com/templates/html/market/home4-2.html]
[demo.smartaddons.com/templates/html/market/about-us-5.html]
[demo.smartaddons.com/templates/html/market/faq-2.html]
[demo.smartaddons.com/templates/html/market/order-history-2.html]
[demo.smartaddons.com/templates/html/market/order-information-2.html]
[demo.smartaddons.com/templates/html/market/contact-2.html]
[demo.smartaddons.com/templates/html/market/return-2.html]
[demo.smartaddons.com/templates/html/market/sitemap-2.html]
[demo.smartaddons.com/templates/html/market/my-account-2.html]
[demo.smartaddons.com/templates/html/market/gift-voucher-2.html]
[demo.smartaddons.com/templates/html/market/css/checkout.css]
[demo.smartaddons.com/templates/html/market/css/header2.css]
[demo.smartaddons.com/templates/html/market/image/theme/home2/newsletter-bg.jpg]
[demo.smartaddons.com/templates/html/market/image/theme/home2/newsletter-btn.png]
[demo.smartaddons.com/templates/html/market/css/home2.css]
[demo.smartaddons.com/templates/html/market/home5-2.html]
[demo.smartaddons.com/templates/html/market/home6-2.html]
[demo.smartaddons.com/templates/html/market/home7-2.html]
[demo.smartaddons.com/templates/html/market/home8-2.html]
[demo.smartaddons.com/templates/html/market/image/theme/home3/ico-phone.png]
[demo.smartaddons.com/templates/html/market/css/header3.css]
[demo.smartaddons.com/templates/html/market/image/theme/icons/ico-money.png]
[demo.smartaddons.com/templates/html/market/css/home3.css]
[demo.smartaddons.com/templates/html/market/css/header4.css]
[demo.smartaddons.com/templates/html/market/css/home4.css]
[demo.smartaddons.com/templates/html/market/account.html]
[demo.smartaddons.com/templates/html/market/image/theme/icons/icon-image.png]
[demo.smartaddons.com/templates/html/market/css/header5.css]
[demo.smartaddons.com/templates/html/market/css/footer2.css]
[demo.smartaddons.com/templates/html/market/css/home5.css]
[demo.smartaddons.com/templates/html/market/image/theme/home6/icon-phone.png]
[demo.smartaddons.com/templates/html/market/css/header6.css]
[demo.smartaddons.com/templates/html/market/css/footer3.css]
[demo.smartaddons.com/templates/html/market/image/theme/home6/bg-clientsay-group.jpg]
[demo.smartaddons.com/templates/html/market/css/home6.css]
[demo.smartaddons.com/templates/html/market/image/demo/shop/resize/W1-270x270.html]
[demo.smartaddons.com/templates/html/market/css/header7.css]
[demo.smartaddons.com/templates/html/market/css/footer4.css]
[demo.smartaddons.com/templates/html/market/image/theme/home7/bg-client-id11.jpg]
[demo.smartaddons.com/templates/html/market/css/home7.css]
[demo.smartaddons.com/templates/html/market/css/header8.css]
[demo.smartaddons.com/templates/html/market/css/footer5.css]
[demo.smartaddons.com/templates/html/market/image/theme/home8/icon-phone.png]
[demo.smartaddons.com/templates/html/market/image/theme/home8/bg_banner.png]
[demo.smartaddons.com/templates/html/market/css/home8.css]
[demo.smartaddons.com/templates/html/market/image/demo/content/captcha.jpg]
[demo.smartaddons.com/templates/html/market/blog-detail.html]
[demo.smartaddons.com/templates/html/market/html_width_RTL/css/bootstrap/fonts/glyphicons-halflings-regular.eot]
[demo.smartaddons.com/templates/html/market/html_width_RTL/css/bootstrap/fonts/glyphicons-halflings-regulard41d.eot]
[demo.smartaddons.com/templates/html/market/html_width_RTL/css/bootstrap/fonts/glyphicons-halflings-regular.woff]
[demo.smartaddons.com/templates/html/market/html_width_RTL/css/bootstrap/fonts/glyphicons-halflings-regular.ttf]
[demo.smartaddons.com/templates/html/market/html_width_RTL/css/bootstrap/css/bootstrap.min.css]
[demo.smartaddons.com/templates/html/market/html_width_RTL/css/font-awesome/fonts/fontawesome-webfont93e3.eot]
[demo.smartaddons.com/templates/html/market/html_width_RTL/css/font-awesome/fonts/fontawesome-webfontd41d.eot]
[demo.smartaddons.com/templates/html/market/html_width_RTL/css/font-awesome/fonts/fontawesome-webfont93e3.woff]
[demo.smartaddons.com/templates/html/market/html_width_RTL/css/font-awesome/fonts/fontawesome-webfont93e3.ttf]
[demo.smartaddons.com/templates/html/market/html_width_RTL/css/font-awesome/css/font-awesome.min.css]
[demo.smartaddons.com/templates/html/market/html_width_RTL/js/datetimepicker/bootstrap-datetimepicker.min.css]
[demo.smartaddons.com/templates/html/market/html_width_RTL/js/owl-carousel/owl.carousel.css]
[demo.smartaddons.com/templates/html/market/html_width_RTL/css/themecss/lib.css]
[demo.smartaddons.com/templates/html/market/html_width_RTL/js/jquery-ui/jquery-ui.min.css]
[demo.smartaddons.com/templates/html/market/html_width_RTL/css/themecss/so_megamenu.css]
[demo.smartaddons.com/templates/html/market/html_width_RTL/css/themecss/so-categories.css]
[demo.smartaddons.com/templates/html/market/html_width_RTL/css/themecss/so-listing-tabs.css]
[demo.smartaddons.com/templates/html/market/html_width_RTL/css/themecss/so-newletter-popup.css]
[demo.smartaddons.com/templates/html/market/html_width_RTL/css/footer1.css]
[demo.smartaddons.com/templates/html/market/html_width_RTL/image/theme/icons/ico-quicklink.png]
[demo.smartaddons.com/templates/html/market/html_width_RTL/css/header1.css]
[demo.smartaddons.com/templates/html/market/html_width_RTL/image/theme/patterns/1.png]
[demo.smartaddons.com/templates/html/market/html_width_RTL/image/theme/patterns/2.png]
[demo.smartaddons.com/templates/html/market/html_width_RTL/image/theme/patterns/3.png]
[demo.smartaddons.com/templates/html/market/html_width_RTL/image/theme/patterns/4.png]
[demo.smartaddons.com/templates/html/market/html_width_RTL/image/theme/patterns/5.png]
[demo.smartaddons.com/templates/html/market/html_width_RTL/image/theme/patterns/6.png]
[demo.smartaddons.com/templates/html/market/html_width_RTL/image/theme/patterns/7.png]
[demo.smartaddons.com/templates/html/market/html_width_RTL/image/theme/patterns/8.png]
[demo.smartaddons.com/templates/html/market/html_width_RTL/image/theme/patterns/9.png]
[demo.smartaddons.com/templates/html/market/html_width_RTL/image/theme/patterns/10.png]
[demo.smartaddons.com/templates/html/market/html_width_RTL/image/theme/patterns/11.png]
[demo.smartaddons.com/templates/html/market/html_width_RTL/image/theme/patterns/12.png]
[demo.smartaddons.com/templates/html/market/html_width_RTL/image/theme/patterns/13.png]
[demo.smartaddons.com/templates/html/market/html_width_RTL/image/theme/patterns/14.png]
[demo.smartaddons.com/templates/html/market/html_width_RTL/image/theme/patterns/15.png]
[demo.smartaddons.com/templates/html/market/html_width_RTL/image/theme/patterns/16.png]
[demo.smartaddons.com/templates/html/market/html_width_RTL/image/theme/patterns/17.png]
[demo.smartaddons.com/templates/html/market/html_width_RTL/image/theme/patterns/18.png]
[demo.smartaddons.com/templates/html/market/html_width_RTL/image/theme/patterns/19.png]
[demo.smartaddons.com/templates/html/market/html_width_RTL/image/theme/patterns/20.png]
[demo.smartaddons.com/templates/html/market/html_width_RTL/image/theme/patterns/21.png]
[demo.smartaddons.com/templates/html/market/html_width_RTL/image/theme/patterns/22.png]
[demo.smartaddons.com/templates/html/market/html_width_RTL/image/theme/patterns/23.png]
[demo.smartaddons.com/templates/html/market/html_width_RTL/image/theme/patterns/24.png]
[demo.smartaddons.com/templates/html/market/html_width_RTL/image/theme/patterns/25.png]
[demo.smartaddons.com/templates/html/market/html_width_RTL/image/theme/patterns/26.png]
[demo.smartaddons.com/templates/html/market/html_width_RTL/image/theme/patterns/27.png]
[demo.smartaddons.com/templates/html/market/html_width_RTL/image/theme/icons/ico-menu-parent.png]
[demo.smartaddons.com/templates/html/market/html_width_RTL/image/theme/icons/icon_minicart.png]
[demo.smartaddons.com/templates/html/market/html_width_RTL/image/theme/icons/arrow-slider-left.png]
[demo.smartaddons.com/templates/html/market/html_width_RTL/image/theme/icons/arrow-slider-right.png]
[demo.smartaddons.com/templates/html/market/html_width_RTL/image/theme/icons/ico-slider.png]
[demo.smartaddons.com/templates/html/market/html_width_RTL/image/theme/icons/bg-selectbox.png]
[demo.smartaddons.com/templates/html/market/html_width_RTL/image/theme/icons/next-prev-detail.png]
[demo.smartaddons.com/templates/html/market/html_width_RTL/image/theme/icons/policy_1.png]
[demo.smartaddons.com/templates/html/market/html_width_RTL/image/theme/icons/ico-freeship.png]
[demo.smartaddons.com/templates/html/market/html_width_RTL/image/theme/icons/ico-celander.png]
[demo.smartaddons.com/templates/html/market/html_width_RTL/image/theme/icons/ico-umbrella.png]
[demo.smartaddons.com/templates/html/market/html_width_RTL/image/theme/icons/collections-1-1.png]
[demo.smartaddons.com/templates/html/market/html_width_RTL/image/theme/icons/collections-2-1.png]
[demo.smartaddons.com/templates/html/market/html_width_RTL/image/theme/icons/collections-3-1.png]
[demo.smartaddons.com/templates/html/market/html_width_RTL/image/theme/icons/collections-4-1.png]
[demo.smartaddons.com/templates/html/market/html_width_RTL/image/theme/icons/collections-5-1.png]
[demo.smartaddons.com/templates/html/market/html_width_RTL/image/theme/icons/collections-6-1.png]
[demo.smartaddons.com/templates/html/market/html_width_RTL/css/theme.css]
[demo.smartaddons.com/templates/html/market/html_width_RTL/css/responsive.css]
[demo.smartaddons.com/templates/html/market/html_width_RTL/ico/apple-touch-icon-144-precomposed.png]
[demo.smartaddons.com/templates/html/market/html_width_RTL/ico/apple-touch-icon-114-precomposed.png]
[demo.smartaddons.com/templates/html/market/html_width_RTL/ico/apple-touch-icon-72-precomposed.png]
[demo.smartaddons.com/templates/html/market/html_width_RTL/ico/apple-touch-icon-57-precomposed.png]
[demo.smartaddons.com/templates/html/market/html_width_RTL/register.html]
[demo.smartaddons.com/templates/html/market/html_width_RTL/login.html]
[demo.smartaddons.com/templates/html/market/html_width_RTL/image/demo/shop/product/18.jpg]
[demo.smartaddons.com/templates/html/market/html_width_RTL/image/demo/shop/product/E1.jpg]
[demo.smartaddons.com/templates/html/market/html_width_RTL/wishlist.html]
[demo.smartaddons.com/templates/html/market/html_width_RTL/checkout.html]
[demo.smartaddons.com/templates/html/market/html_width_RTL/image/demo/shop/product/E3.jpg]
[demo.smartaddons.com/templates/html/market/html_width_RTL/cart.html]
[demo.smartaddons.com/templates/html/market/html_width_RTL/image/demo/shop/product/J9.jpg]
[demo.smartaddons.com/templates/html/market/html_width_RTL/image/demo/shop/product/J5.jpg]
[demo.smartaddons.com/templates/html/market/html_width_RTL/image/demo/colors/blue.jpg]
[demo.smartaddons.com/templates/html/market/html_width_RTL/image/demo/colors/brown.jpg]
[demo.smartaddons.com/templates/html/market/html_width_RTL/image/demo/colors/green.jpg]
[demo.smartaddons.com/templates/html/market/html_width_RTL/image/demo/shop/product/e11.jpg]
[demo.smartaddons.com/templates/html/market/html_width_RTL/image/demo/shop/product/11.jpg]
[demo.smartaddons.com/templates/html/market/html_width_RTL/image/demo/shop/product/10.jpg]
[demo.smartaddons.com/templates/html/market/html_width_RTL/image/demo/shop/product/34.jpg]
[demo.smartaddons.com/templates/html/market/html_width_RTL/product.html]
[demo.smartaddons.com/templates/html/market/html_width_RTL/18_46.html]
[demo.smartaddons.com/templates/html/market/html_width_RTL/24_64.html]
[demo.smartaddons.com/templates/html/market/html_width_RTL/18_45.html]
[demo.smartaddons.com/templates/html/market/html_width_RTL/18_30.html]
[demo.smartaddons.com/templates/html/market/html_width_RTL/81.html]
[demo.smartaddons.com/templates/html/market/html_width_RTL/33_63.html]
[demo.smartaddons.com/templates/html/market/html_width_RTL/17.html]
[demo.smartaddons.com/templates/html/market/html_width_RTL/25_28.html]
[demo.smartaddons.com/templates/html/market/html_width_RTL/80.html]
[demo.smartaddons.com/templates/html/market/html_width_RTL/24_66.html]
[demo.smartaddons.com/templates/html/market/html_width_RTL/25_31.html]
[demo.smartaddons.com/templates/html/market/html_width_RTL/57_73.html]
[demo.smartaddons.com/templates/html/market/html_width_RTL/18.html]
[demo.smartaddons.com/templates/html/market/html_width_RTL/20_76.html]
[demo.smartaddons.com/templates/html/market/html_width_RTL/33_60.html]
[demo.smartaddons.com/templates/html/market/html_width_RTL/24.html]
[demo.smartaddons.com/templates/html/market/html_width_RTL/image/demo/slider/v2-slide1.jpg]
[demo.smartaddons.com/templates/html/market/html_width_RTL/image/demo/slider/v2-slide2.jpg]
[demo.smartaddons.com/templates/html/market/html_width_RTL/image/demo/slider/v2-slide3.jpg]
[demo.smartaddons.com/templates/html/market/html_width_RTL/image/demo/cms/v2-banner2.jpg]
[demo.smartaddons.com/templates/html/market/html_width_RTL/image/demo/cms/v2-banner3.jpg]
[demo.smartaddons.com/templates/html/market/html_width_RTL/image/demo/cms/v2-banner4.jpg]
[demo.smartaddons.com/templates/html/market/html_width_RTL/image/demo/cms/v2-banner1.jpg]
[demo.smartaddons.com/templates/html/market/html_width_RTL/image/demo/cms/v2-banner-home.jpg]
[demo.smartaddons.com/templates/html/market/html_width_RTL/image/demo/shop/product/m1.jpg]
[demo.smartaddons.com/templates/html/market/html_width_RTL/image/demo/shop/product/m2.jpg]
[demo.smartaddons.com/templates/html/market/html_width_RTL/image/demo/shop/product/9.jpg]
[demo.smartaddons.com/templates/html/market/html_width_RTL/image/demo/cms/client-img1.jpg]
[demo.smartaddons.com/templates/html/market/html_width_RTL/image/demo/cms/v2-banner-right.jpg]
[demo.smartaddons.com/templates/html/market/html_width_RTL/image/demo/cms/v3-banner-home-left.jpg]
[demo.smartaddons.com/templates/html/market/html_width_RTL/home2.html]
[demo.smartaddons.com/templates/html/market/html_width_RTL/image/demo/cms/v3-banner-header.png]
[demo.smartaddons.com/templates/html/market/html_width_RTL/home3.html]
[demo.smartaddons.com/templates/html/market/html_width_RTL/image/demo/shop/product/B10.jpg]
[demo.smartaddons.com/templates/html/market/html_width_RTL/image/demo/shop/product/B9.jpg]
[demo.smartaddons.com/templates/html/market/html_width_RTL/home4.html]
[demo.smartaddons.com/templates/html/market/html_width_RTL/image/demo/logos/logo_5.png]
[demo.smartaddons.com/templates/html/market/html_width_RTL/image/demo/slider/home5/slider-1.jpg]
[demo.smartaddons.com/templates/html/market/html_width_RTL/image/demo/slider/home5/slider-2.jpg]
[demo.smartaddons.com/templates/html/market/html_width_RTL/image/demo/slider/home5/slider-3.jpg]
[demo.smartaddons.com/templates/html/market/html_width_RTL/image/demo/cms/home5/banner1.jpg]
[demo.smartaddons.com/templates/html/market/html_width_RTL/image/demo/cms/home5/banner2.jpg]
[demo.smartaddons.com/templates/html/market/html_width_RTL/image/demo/brand/home5/logo-1.png]
[demo.smartaddons.com/templates/html/market/html_width_RTL/image/demo/cms/home5/banner3.jpg]
[demo.smartaddons.com/templates/html/market/html_width_RTL/image/demo/cms/home5/banner4.jpg]
[demo.smartaddons.com/templates/html/market/html_width_RTL/image/demo/cms/home5/banner5.jpg]
[demo.smartaddons.com/templates/html/market/html_width_RTL/image/demo/shop/product/home5/10.jpg]
[demo.smartaddons.com/templates/html/market/html_width_RTL/image/demo/shop/product/home5/4.jpg]
[demo.smartaddons.com/templates/html/market/html_width_RTL/image/demo/shop/product/home5/2.jpg]
[demo.smartaddons.com/templates/html/market/html_width_RTL/image/demo/shop/product/home5/3.jpg]
[demo.smartaddons.com/templates/html/market/html_width_RTL/image/demo/shop/product/home5/8.jpg]
[demo.smartaddons.com/templates/html/market/html_width_RTL/image/demo/shop/product/home5/5.jpg]
[demo.smartaddons.com/templates/html/market/html_width_RTL/image/demo/shop/product/home5/6.jpg]
[demo.smartaddons.com/templates/html/market/html_width_RTL/image/demo/cms/home5/banner6.jpg]
[demo.smartaddons.com/templates/html/market/html_width_RTL/image/demo/cms/home5/banner7.jpg]
[demo.smartaddons.com/templates/html/market/html_width_RTL/image/demo/cms/home5/banner8.jpg]
[demo.smartaddons.com/templates/html/market/html_width_RTL/home5.html]
[demo.smartaddons.com/templates/html/market/html_width_RTL/image/demo/shop/product/home5/7.jpg]
[demo.smartaddons.com/templates/html/market/html_width_RTL/image/demo/logos/logo.png]
[demo.smartaddons.com/templates/html/market/html_width_RTL/image/demo/slider/home6/slider-1.jpg]
[demo.smartaddons.com/templates/html/market/html_width_RTL/image/demo/slider/home6/slider-2.jpg]
[demo.smartaddons.com/templates/html/market/html_width_RTL/image/demo/slider/home6/slider-3.jpg]
[demo.smartaddons.com/templates/html/market/html_width_RTL/image/demo/cms/home6/image-1-index9.jpg]
[demo.smartaddons.com/templates/html/market/html_width_RTL/image/demo/cms/home6/image-2-index9.jpg]
[demo.smartaddons.com/templates/html/market/html_width_RTL/image/demo/shop/product/home7/1_3_18.jpg]
[demo.smartaddons.com/templates/html/market/html_width_RTL/image/demo/shop/product/resize/1.jpg]
[demo.smartaddons.com/templates/html/market/html_width_RTL/image/demo/shop/product/home7/2_2_25.jpg]
[demo.smartaddons.com/templates/html/market/html_width_RTL/image/demo/shop/product/home7/3_2_26.jpg]
[demo.smartaddons.com/templates/html/market/html_width_RTL/image/demo/shop/product/resize/4.jpg]
[demo.smartaddons.com/templates/html/market/html_width_RTL/image/demo/shop/product/w10.jpg]
[demo.smartaddons.com/templates/html/market/html_width_RTL/image/demo/shop/product/B5.jpg]
[demo.smartaddons.com/templates/html/market/html_width_RTL/image/demo/brand/home6/brand-1.jpg]
[demo.smartaddons.com/templates/html/market/html_width_RTL/image/demo/brand/home6/brand-2.jpg]
[demo.smartaddons.com/templates/html/market/html_width_RTL/image/demo/clientsay/client-s2.jpg]
[demo.smartaddons.com/templates/html/market/html_width_RTL/image/demo/clientsay/client-s1.jpg]
[demo.smartaddons.com/templates/html/market/html_width_RTL/image/demo/clientsay/client-s3.jpg]
[demo.smartaddons.com/templates/html/market/html_width_RTL/image/demo/cms/home6/image-4-index9.jpg]
[demo.smartaddons.com/templates/html/market/html_width_RTL/image/demo/shop/product/resize/1_3_30.jpg]
[demo.smartaddons.com/templates/html/market/html_width_RTL/image/demo/shop/product/resize/4_3_29.jpg]
[demo.smartaddons.com/templates/html/market/html_width_RTL/image/demo/shop/product/resize/4_3_52.jpg]
[demo.smartaddons.com/templates/html/market/html_width_RTL/image/demo/shop/product/resize/6_2_3.jpg]
[demo.smartaddons.com/templates/html/market/html_width_RTL/image/demo/shop/product/resize/7_2.jpg]
[demo.smartaddons.com/templates/html/market/html_width_RTL/image/demo/shop/product/resize/7_3.jpg]
[demo.smartaddons.com/templates/html/market/html_width_RTL/home6.html]
[demo.smartaddons.com/templates/html/market/html_width_RTL/image/demo/slider/home7/slider-1.jpg]
[demo.smartaddons.com/templates/html/market/html_width_RTL/image/demo/slider/home7/slider-2.jpg]
[demo.smartaddons.com/templates/html/market/html_width_RTL/image/demo/slider/home7/slider-3.jpg]
[demo.smartaddons.com/templates/html/market/html_width_RTL/image/demo/cms/home7/image1-id11.jpg]
[demo.smartaddons.com/templates/html/market/html_width_RTL/image/demo/cms/home7/image2-id11.jpg]
[demo.smartaddons.com/templates/html/market/html_width_RTL/image/demo/shop/product/m3.jpg]
[demo.smartaddons.com/templates/html/market/html_width_RTL/image/demo/cms/home7/image3-id11.jpg]
[demo.smartaddons.com/templates/html/market/html_width_RTL/image/demo/brand/home6/brand-3.jpg]
[demo.smartaddons.com/templates/html/market/html_width_RTL/image/demo/brand/home6/brand-4.jpg]
[demo.smartaddons.com/templates/html/market/html_width_RTL/image/demo/brand/home6/brand-5.jpg]
[demo.smartaddons.com/templates/html/market/html_width_RTL/image/demo/brand/home6/brand-6.jpg]
[demo.smartaddons.com/templates/html/market/html_width_RTL/home7.html]
[demo.smartaddons.com/templates/html/market/html_width_RTL/image/demo/logos/logo_8.png]
[demo.smartaddons.com/templates/html/market/html_width_RTL/image/demo/slider/home8/slide1-id12.jpg]
[demo.smartaddons.com/templates/html/market/html_width_RTL/image/demo/slider/home8/slide2-id12.jpg]
[demo.smartaddons.com/templates/html/market/html_width_RTL/image/demo/slider/home8/slide3-id12.jpg]
[demo.smartaddons.com/templates/html/market/html_width_RTL/image/demo/cms/home8/cat1-id12.jpg]
[demo.smartaddons.com/templates/html/market/html_width_RTL/image/demo/cms/home8/cat2-id12.jpg]
[demo.smartaddons.com/templates/html/market/html_width_RTL/image/demo/cms/home8/cat3-id12.jpg]
[demo.smartaddons.com/templates/html/market/html_width_RTL/image/demo/shop/product/home8/1_2_12.jpg]
[demo.smartaddons.com/templates/html/market/html_width_RTL/image/demo/shop/product/home8/8_3.jpg]
[demo.smartaddons.com/templates/html/market/html_width_RTL/image/demo/shop/product/home8/2_4_14.jpg]
[demo.smartaddons.com/templates/html/market/html_width_RTL/image/demo/shop/product/home8/3_3_15.jpg]
[demo.smartaddons.com/templates/html/market/html_width_RTL/image/demo/shop/product/home8/4_3_52.jpg]
[demo.smartaddons.com/templates/html/market/html_width_RTL/image/demo/shop/product/home8/5_2_9.jpg]
[demo.smartaddons.com/templates/html/market/html_width_RTL/image/demo/cms/home8/image2-id12.png]
[demo.smartaddons.com/templates/html/market/html_width_RTL/image/demo/cms/home8/image3-id12.jpg]
[demo.smartaddons.com/templates/html/market/html_width_RTL/image/demo/cms/home8/image4-id12.jpg]
[demo.smartaddons.com/templates/html/market/html_width_RTL/image/demo/cms/home8/image5-id12.jpg]
[demo.smartaddons.com/templates/html/market/html_width_RTL/image/demo/shop/product/home8/10_7.jpg]
[demo.smartaddons.com/templates/html/market/html_width_RTL/image/demo/shop/product/home8/7_7.jpg]
[demo.smartaddons.com/templates/html/market/html_width_RTL/image/demo/blog/blo1.jpg]
[demo.smartaddons.com/templates/html/market/html_width_RTL/image/demo/blog/blo2.jpg]
[demo.smartaddons.com/templates/html/market/html_width_RTL/image/demo/blog/blo3.jpg]
[demo.smartaddons.com/templates/html/market/html_width_RTL/image/demo/blog/blo4.jpg]
[demo.smartaddons.com/templates/html/market/html_width_RTL/image/demo/blog/blo5.jpg]
[demo.smartaddons.com/templates/html/market/html_width_RTL/image/demo/brand/home5/logo-3.png]
[demo.smartaddons.com/templates/html/market/html_width_RTL/home8.html]
[demo.smartaddons.com/templates/html/market/html_width_RTL/html_width_RTL/index.html]
[demo.smartaddons.com/templates/html/market/html_width_RTL/image/demo/cms/left-image-static.png]
[demo.smartaddons.com/templates/html/market/html_width_RTL/image/demo/shop/category/electronic-cat.png]
[demo.smartaddons.com/templates/html/market/html_width_RTL/category.html]
[demo.smartaddons.com/templates/html/market/html_width_RTL/image/demo/shop/product/E2.jpg]
[demo.smartaddons.com/templates/html/market/html_width_RTL/image/demo/shop/product/19.jpg]
[demo.smartaddons.com/templates/html/market/html_width_RTL/category-v2.html]
[demo.smartaddons.com/templates/html/market/html_width_RTL/category-v3.html]
[demo.smartaddons.com/templates/html/market/html_width_RTL/js/lightslider/lightslider.js]
[demo.smartaddons.com/templates/html/market/html_width_RTL/product-v2.html]
[demo.smartaddons.com/templates/html/market/html_width_RTL/product-v3.html]
[demo.smartaddons.com/templates/html/market/html_width_RTL/image/demo/shop/product/E3_3.jpg]
[demo.smartaddons.com/templates/html/market/html_width_RTL/compare.html]
[demo.smartaddons.com/templates/html/market/html_width_RTL/my-account.html]
[demo.smartaddons.com/templates/html/market/html_width_RTL/image/demo/shop/product/B8.jpg]
[demo.smartaddons.com/templates/html/market/html_width_RTL/order-history.html]
[demo.smartaddons.com/templates/html/market/html_width_RTL/order-information.html]
[demo.smartaddons.com/templates/html/market/html_width_RTL/return.html]
[demo.smartaddons.com/templates/html/market/html_width_RTL/gift-voucher.html]
[demo.smartaddons.com/templates/html/market/html_width_RTL/typography.html]
[demo.smartaddons.com/templates/html/market/html_width_RTL/sitemap.html]
[demo.smartaddons.com/templates/html/market/html_width_RTL/contact.html]
[demo.smartaddons.com/templates/html/market/html_width_RTL/image/demo/cms/banner-01.png]
[demo.smartaddons.com/templates/html/market/html_width_RTL/banner-effect.html]
[demo.smartaddons.com/templates/html/market/html_width_RTL/image/demo/about/wellcometoshop.png]
[demo.smartaddons.com/templates/html/market/html_width_RTL/image/demo/about/ourmember01.png]
[demo.smartaddons.com/templates/html/market/html_width_RTL/image/demo/about/ourmember02.png]
[demo.smartaddons.com/templates/html/market/html_width_RTL/image/demo/about/ourmember03.png]
[demo.smartaddons.com/templates/html/market/html_width_RTL/image/demo/about/ourmember04.png]
[demo.smartaddons.com/templates/html/market/html_width_RTL/about-us.html]
[demo.smartaddons.com/templates/html/market/html_width_RTL/image/demo/about/about-1.jpg]
[demo.smartaddons.com/templates/html/market/html_width_RTL/image/demo/about/about-2.jpg]
[demo.smartaddons.com/templates/html/market/html_width_RTL/image/demo/about/about-3.jpg]
[demo.smartaddons.com/templates/html/market/html_width_RTL/image/demo/about/about-client-1.png]
[demo.smartaddons.com/templates/html/market/html_width_RTL/image/demo/about/about-client-2.png]
[demo.smartaddons.com/templates/html/market/html_width_RTL/image/demo/about/about-client-3.png]
[demo.smartaddons.com/templates/html/market/html_width_RTL/image/demo/about/about-client-4.png]
[demo.smartaddons.com/templates/html/market/html_width_RTL/image/demo/about/about-client-5.png]
[demo.smartaddons.com/templates/html/market/html_width_RTL/image/demo/about/about-client-6.png]
[demo.smartaddons.com/templates/html/market/html_width_RTL/about-us-2.html]
[demo.smartaddons.com/templates/html/market/html_width_RTL/image/demo/about/about-us-demo3.jpg]
[demo.smartaddons.com/templates/html/market/html_width_RTL/about-us-3.html]
[demo.smartaddons.com/templates/html/market/html_width_RTL/about-us-4.html]
[demo.smartaddons.com/templates/html/market/html_width_RTL/3.html]
[demo.smartaddons.com/templates/html/market/html_width_RTL/image/demo/about/about-us-demo4.jpg]
[demo.smartaddons.com/templates/html/market/html_width_RTL/image/demo/blog/blog4.jpg]
[demo.smartaddons.com/templates/html/market/html_width_RTL/image/demo/blog/blog5.jpg]
[demo.smartaddons.com/templates/html/market/html_width_RTL/image/demo/blog/blog6.jpg]
[demo.smartaddons.com/templates/html/market/html_width_RTL/blog-page.html]
[demo.smartaddons.com/templates/html/market/html_width_RTL/image/demo/blog/blog1.jpg]
[demo.smartaddons.com/templates/html/market/html_width_RTL/quickview.html]
[demo.smartaddons.com/templates/html/market/html_width_RTL/image/demo/shop/resize/w1-270x270.html]
[demo.smartaddons.com/templates/html/market/html_width_RTL/image/demo/shop/resize/w10-270x270.html]
[demo.smartaddons.com/templates/html/market/html_width_RTL/image/demo/shop/resize/e11-270x270.html]
[demo.smartaddons.com/templates/html/market/html_width_RTL/php/facebook8859.html]
[demo.smartaddons.com/templates/html/market/html_width_RTL/php/twitterfdaa.html]
[demo.smartaddons.com/templates/html/market/html_width_RTL/php/youtubevideo2de8.html]
[demo.smartaddons.com/templates/html/market/html_width_RTL/css/themecss/cpanel.css]
[demo.smartaddons.com/templates/html/market/js/lightslider/lightslider.css]
[demo.smartaddons.com/templates/html/market/search.html]
[demo.smartaddons.com/templates/html/market/email-template.html]
[demo.smartaddons.com/templates/html/market/elements.html]
[demo.smartaddons.com/templates/html/market/elements-forms.html]
[demo.smartaddons.com/templates/html/market/careers.html]
[demo.smartaddons.com/templates/html/market/404.html]
[demo.smartaddons.com/templates/html/market/contact-us.html]
[demo.smartaddons.com/templates/html/market/quickview.php.html]
[demo.smartaddons.com/templates/html/market/html_width_RTL/css/bootstrap/fonts/glyphicons-halflings-regular.html]
[demo.smartaddons.com/templates/html/market/html_width_RTL/css/bootstrap/fonts/glyphicons-halflings-regular.svg]
[demo.smartaddons.com/templates/html/market/html_width_RTL/css/font-awesome/fonts/fontawesome-webfont93e3.html]
[demo.smartaddons.com/templates/html/market/html_width_RTL/css/font-awesome/fonts/fontawesome-webfont93e3.svg]
[demo.smartaddons.com/templates/html/market/html_width_RTL/js/owl-carousel/owl.video.play.html]
[demo.smartaddons.com/templates/html/market/html_width_RTL/css/images/arrow.html]
[demo.smartaddons.com/templates/html/market/html_width_RTL/css/images/bk.html]
[demo.smartaddons.com/templates/html/market/html_width_RTL/css/images/icon.html]
[demo.smartaddons.com/templates/html/market/html_width_RTL/css/images/plus.html]
[demo.smartaddons.com/templates/html/market/html_width_RTL/css/images/minus.html]
[demo.smartaddons.com/templates/html/market/html_width_RTL/about-us-5.html]
[demo.smartaddons.com/templates/html/market/html_width_RTL/faq-2.html]
[demo.smartaddons.com/templates/html/market/html_width_RTL/order-history-2.html]
[demo.smartaddons.com/templates/html/market/html_width_RTL/order-information-2.html]
[demo.smartaddons.com/templates/html/market/html_width_RTL/contact-2.html]
[demo.smartaddons.com/templates/html/market/html_width_RTL/return-2.html]
[demo.smartaddons.com/templates/html/market/html_width_RTL/sitemap-2.html]
[demo.smartaddons.com/templates/html/market/html_width_RTL/my-account-2.html]
[demo.smartaddons.com/templates/html/market/html_width_RTL/gift-voucher-2.html]
[demo.smartaddons.com/templates/html/market/html_width_RTL/image/demo/shop/product/E4.html]
[demo.smartaddons.com/templates/html/market/html_width_RTL/image/demo/shop/product/J6.html]
[demo.smartaddons.com/templates/html/market/html_width_RTL/image/demo/shop/product/J4.html]
[demo.smartaddons.com/templates/html/market/html_width_RTL/image/demo/shop/product/e12.html]
[demo.smartaddons.com/templates/html/market/html_width_RTL/image/demo/shop/product/14.html]
[demo.smartaddons.com/templates/html/market/html_width_RTL/image/demo/shop/product/15.html]
[demo.smartaddons.com/templates/html/market/html_width_RTL/css/header2.css]
[demo.smartaddons.com/templates/html/market/html_width_RTL/image/theme/home2/newsletter-bg.jpg]
[demo.smartaddons.com/templates/html/market/html_width_RTL/image/theme/home2/newsletter-btn.png]
[demo.smartaddons.com/templates/html/market/html_width_RTL/css/home2.css]
[demo.smartaddons.com/templates/html/market/html_width_RTL/image/theme/home3/ico-phone.png]
[demo.smartaddons.com/templates/html/market/html_width_RTL/css/header3.css]
[demo.smartaddons.com/templates/html/market/html_width_RTL/image/theme/icons/ico-money.png]
[demo.smartaddons.com/templates/html/market/html_width_RTL/css/home3.css]
[demo.smartaddons.com/templates/html/market/html_width_RTL/css/header4.css]
[demo.smartaddons.com/templates/html/market/html_width_RTL/css/home4.css]
[demo.smartaddons.com/templates/html/market/html_width_RTL/account.html]
[demo.smartaddons.com/templates/html/market/html_width_RTL/css/header5.css]
[demo.smartaddons.com/templates/html/market/html_width_RTL/css/footer2.css]
[demo.smartaddons.com/templates/html/market/html_width_RTL/image/theme/icons/icon-image.png]
[demo.smartaddons.com/templates/html/market/html_width_RTL/css/home5.css]
[demo.smartaddons.com/templates/html/market/html_width_RTL/image/demo/brand/home5/logo-2.png]
[demo.smartaddons.com/templates/html/market/html_width_RTL/image/theme/home6/icon-phone.png]
[demo.smartaddons.com/templates/html/market/html_width_RTL/css/header6.css]
[demo.smartaddons.com/templates/html/market/html_width_RTL/css/footer3.css]
[demo.smartaddons.com/templates/html/market/html_width_RTL/image/theme/home6/bg-clientsay-group.jpg]
[demo.smartaddons.com/templates/html/market/html_width_RTL/css/home6.css]
[demo.smartaddons.com/templates/html/market/html_width_RTL/image/demo/shop/product/w1.html]
[demo.smartaddons.com/templates/html/market/html_width_RTL/css/header7.css]
[demo.smartaddons.com/templates/html/market/html_width_RTL/css/footer4.css]
[demo.smartaddons.com/templates/html/market/html_width_RTL/image/demo/shop/product/home7/4_3_25.jpg]
[demo.smartaddons.com/templates/html/market/html_width_RTL/image/theme/home7/bg-client-id11.jpg]
[demo.smartaddons.com/templates/html/market/html_width_RTL/css/home7.css]
[demo.smartaddons.com/templates/html/market/html_width_RTL/image/theme/home8/icon-phone.png]
[demo.smartaddons.com/templates/html/market/html_width_RTL/css/header8.css]
[demo.smartaddons.com/templates/html/market/html_width_RTL/css/footer5.css]
[demo.smartaddons.com/templates/html/market/html_width_RTL/image/theme/home8/bg_banner.png]
[demo.smartaddons.com/templates/html/market/html_width_RTL/css/home8.css]
[demo.smartaddons.com/templates/html/market/html_width_RTL/image/demo/content/captcha.jpg]
[demo.smartaddons.com/templates/html/market/html_width_RTL/blog-detail.html]
[demo.smartaddons.com/templates/html/market/html_width_RTL/js/lightslider/lightslider.css]
[demo.smartaddons.com/templates/html/market/html_width_RTL/faq.html]
[demo.smartaddons.com/templates/html/market/html_width_RTL/search.html]
[demo.smartaddons.com/templates/html/market/html_width_RTL/email-template.html]
[demo.smartaddons.com/templates/html/market/html_width_RTL/elements.html]
[demo.smartaddons.com/templates/html/market/html_width_RTL/elements-forms.html]
[demo.smartaddons.com/templates/html/market/html_width_RTL/careers.html]
[demo.smartaddons.com/templates/html/market/html_width_RTL/404.html]
[demo.smartaddons.com/templates/html/market/html_width_RTL/contact-us.html]
[demo.smartaddons.com/templates/html/market/html_width_RTL/quickview.php.html]
